<testsuites name="results">
  <testsuite name="all" package="all">
    <property name="random_seed" value="1774883696" />
    <testcase name="test_reset" classname="four_bit_counter_tb" file="/Users/nikhilkumar/Documents/GitHub/four_bit_counter/four_bit_counter_tb.py" lineno="5" time="0.0008590221405029297" sim_time_ns="1.0" ratio_time="1164.1143491534833" />
    <testcase name="test_count_up" classname="four_bit_counter_tb" file="/Users/nikhilkumar/Documents/GitHub/four_bit_counter/four_bit_counter_tb.py" lineno="16" time="0.0008592605590820312" sim_time_ns="161.0" ratio_time="187370.40621531632" />
    <testcase name="test_count_down" classname="four_bit_counter_tb" file="/Users/nikhilkumar/Documents/GitHub/four_bit_counter/four_bit_counter_tb.py" lineno="30" time="0.001032114028930664" sim_time_ns="171.0" ratio_time="165679.367983368" />
    <testcase name="test_wrap_up" classname="four_bit_counter_tb" file="/Users/nikhilkumar/Documents/GitHub/four_bit_counter/four_bit_counter_tb.py" lineno="49" time="0.0009169578552246094" sim_time_ns="171.0" ratio_time="186486.21528861154" />
    <testcase name="test_wrap_down" classname="four_bit_counter_tb" file="/Users/nikhilkumar/Documents/GitHub/four_bit_counter/four_bit_counter_tb.py" lineno="64" time="0.00022983551025390625" sim_time_ns="21.0" ratio_time="91369.69294605809" />
    <testcase name="test_load" classname="four_bit_counter_tb" file="/Users/nikhilkumar/Documents/GitHub/four_bit_counter/four_bit_counter_tb.py" lineno="78" time="0.00033092498779296875" sim_time_ns="21.0" ratio_time="63458.48991354467" />
    <testcase name="test_load_zero" classname="four_bit_counter_tb" file="/Users/nikhilkumar/Documents/GitHub/four_bit_counter/four_bit_counter_tb.py" lineno="92" time="0.00026297569274902344" sim_time_ns="21.0" ratio_time="79855.28921124207" />
    <testcase name="test_reset_mid_sequence" classname="four_bit_counter_tb" file="/Users/nikhilkumar/Documents/GitHub/four_bit_counter/four_bit_counter_tb.py" lineno="106" time="0.0002880096435546875" sim_time_ns="41.0" ratio_time="142356.34437086093" />
  </testsuite>
</testsuites>